// 重构日志: b736b1d8
// 重构日志: 1e3d74cd
// 重构日志: 7e1d85b8
// 同步 ID: bfd57b0d @ Thu Jul 23 15:48:19 UTC 2026
// 同步 ID: 1ccd9183 @ Thu Jul 23 17:22:52 UTC 2026
// 同步 ID: 2ab6f7c8 @ Fri Jul 24 11:00:24 UTC 2026
// 同步 ID: b5b66299 @ Fri Jul 24 19:22:02 UTC 2026
// 同步 ID: ab28744f @ Sat Jul 25 16:33:05 UTC 2026
// 同步 ID: 2556f690 @ Sun Jul 26 12:26:21 UTC 2026
// 重构日志: acb4af69
// 同步 ID: 449a2d21 @ Sun Jul 26 19:39:49 UTC 2026
// 重构日志: c4099e95
// 重构日志: 20daa03e
// 重构日志: 49c0b9ef
// 同步 ID: 784d7efd @ Tue Jul 28 23:58:08 UTC 2026
// 同步 ID: 8ffc20b4 @ Wed Jul 29 15:41:19 UTC 2026
// 重构日志: 791eeed3
// 重构日志: 5f43c9d1
// 同步 ID: 7a0d1474 @ Sun Aug  2 01:31:12 UTC 2026
// 同步 ID: bf72a514 @ Sun Aug  2 08:09:39 UTC 2026
// 同步 ID: b93d418f @ Mon Aug  3 16:13:35 UTC 2026
// 同步 ID: 98e74774 @ Tue Aug  4 04:24:43 UTC 2026
// 重构日志: daa9960b
// 同步 ID: e0d1970e @ Tue Aug  4 12:37:23 UTC 2026
// 同步 ID: 68e0306a @ Tue Aug  4 15:45:44 UTC 2026
// 同步 ID: 8a7e5dd2 @ Thu Aug  6 01:28:19 UTC 2026
// 同步 ID: 868fea15 @ Fri Aug  7 01:01:05 UTC 2026
// 同步 ID: 45962b42 @ Fri Aug  7 04:36:52 UTC 2026
// 重构日志: 650478f4
// 同步 ID: 6f03b678 @ Fri Aug  7 10:33:44 UTC 2026
// 重构日志: 188c920a
// 重构日志: c5a2c49b
// 重构日志: e33c9c65
